// Jest Snapshot v1, https://goo.gl/fbAQLP

exports[`TextInput renders correctly 1`] = `
<View
  style={
    Array [
      Object {},
    ]
  }
>
  <Text
    style={
      Array [
        Object {
          "color": "#ffffff",
          "fontSize": 12,
          "marginBottom": 8,
          "textTransform": "uppercase",
        },
      ]
    }
  />
  <TextInput
    style={
      Array [
        Object {
          "backgroundcolor": "#121212",
          "borderColor": "#555",
          "borderStyle": "solid",
          "borderWidth": 1,
          "color": "#ffffff",
          "fontSize": 20,
          "paddingBottom": 8,
          "paddingLeft": 16,
          "paddingRight": 16,
          "paddingTop": 8,
        },
      ]
    }
  />
  <Text
    style={
      Array [
        Object {
          "color": "#ffffff",
          "fontSize": 12,
          "marginTop": 8,
        },
      ]
    }
  />
</View>
`;
